// Jest Snapshot v1, https://goo.gl/fbAQLP

exports[`callApi given fetch returns data, when called, returns fetched data 1`] = `
Object {
  "callWasSuccessful": true,
  "data": "Some data",
  "error": Object {
    "isError": false,
    "message": "",
  },
}
`;

exports[`callApi given fetch returns error, when called, returns error 1`] = `
Object {
  "callWasSuccessful": false,
  "error": Object {
    "error": "Some error message",
    "isError": true,
  },
}
`;
