// Jest Snapshot v1, https://goo.gl/fbAQLP

exports[`Routes renders Players screen 1`] = `
<div>
  <div>
    <div>
      <div
        class="flexColumn flexContainer"
      >
        <table
          class="flexItem"
        >
          <thead>
            <tr>
              <th>
                Player name
              </th>
              <th />
              <th>
                Wins
              </th>
              <th />
              <th />
              <th />
              <th>
                Losses
              </th>
            </tr>
          </thead>
          <tbody />
        </table>
        <form
          class="fullWidth flexItem"
        >
          <div
            class="flexContainer"
          >
            <input
              class="fullWidth flexItem"
              value=""
            />
            <button
              class="button fullWidth flexItem"
              disabled=""
              type="submit"
            >
              <div>
                Add Player
              </div>
            </button>
          </div>
        </form>
      </div>
    </div>
  </div>
</div>
`;

exports[`Routes renders default route 1`] = `
<div>
  <div>
    <div>
      <div
        class="flexColumn flexContainer"
      >
        <table
          class="flexItem"
        >
          <thead>
            <tr>
              <th>
                Player name
              </th>
              <th />
              <th>
                Wins
              </th>
              <th />
              <th />
              <th />
              <th>
                Losses
              </th>
            </tr>
          </thead>
          <tbody />
        </table>
        <form
          class="fullWidth flexItem"
        >
          <div
            class="flexContainer"
          >
            <input
              class="fullWidth flexItem"
              value=""
            />
            <button
              class="button fullWidth flexItem"
              disabled=""
              type="submit"
            >
              <div>
                Add Player
              </div>
            </button>
          </div>
        </form>
      </div>
    </div>
  </div>
</div>
`;
