// Jest Snapshot v1, https://goo.gl/fbAQLP

exports[`Players renders 1`] = `
<div>
  <div>
    <div>
      <table>
        <thead>
          <tr>
            <th>
              Player name
            </th>
            <th />
            <th>
              Wins
            </th>
            <th />
            <th />
            <th />
            <th>
              Losses
            </th>
          </tr>
        </thead>
        <tbody>
          <tr>
            <td>
              Some player
            </td>
            <td>
              <button
                class="button"
              >
                -
              </button>
            </td>
            <td>
              42
            </td>
            <td>
              <button
                class="button"
              >
                +
              </button>
            </td>
            <td />
            <td>
              <button
                class="button"
              >
                -
              </button>
            </td>
            <td>
              84
            </td>
            <td>
              <button
                class="button"
              >
                +
              </button>
            </td>
            <td>
              <button
                class="button"
              >
                Remove Player
              </button>
            </td>
          </tr>
          <tr>
            <td>
              Some other player
            </td>
            <td>
              <button
                class="button"
              >
                -
              </button>
            </td>
            <td>
              126
            </td>
            <td>
              <button
                class="button"
              >
                +
              </button>
            </td>
            <td />
            <td>
              <button
                class="button"
              >
                -
              </button>
            </td>
            <td>
              168
            </td>
            <td>
              <button
                class="button"
              >
                +
              </button>
            </td>
            <td>
              <button
                class="button"
              >
                Remove Player
              </button>
            </td>
          </tr>
        </tbody>
      </table>
      <form>
        <input
          value=""
        />
        <button
          class="button"
          disabled=""
          type="submit"
        >
          Add Player
        </button>
      </form>
    </div>
  </div>
</div>
`;
